------------------------------------------------------------
Timing Analyzer Summary
------------------------------------------------------------

Type  : Slow 1100mV 85C Model Setup 'clk'
Slack : -2.062
TNS   : -63.461

Type  : Slow 1100mV 85C Model Hold 'clk'
Slack : 0.380
TNS   : 0.000

Type  : Slow 1100mV 85C Model Minimum Pulse Width 'clk'
Slack : -0.394
TNS   : -36.140

Type  : Slow 1100mV 0C Model Setup 'clk'
Slack : -2.116
TNS   : -67.674

Type  : Slow 1100mV 0C Model Hold 'clk'
Slack : 0.377
TNS   : 0.000

Type  : Slow 1100mV 0C Model Minimum Pulse Width 'clk'
Slack : -0.394
TNS   : -39.376

Type  : Fast 1100mV 85C Model Setup 'clk'
Slack : -0.710
TNS   : -9.285

Type  : Fast 1100mV 85C Model Hold 'clk'
Slack : 0.199
TNS   : 0.000

Type  : Fast 1100mV 85C Model Minimum Pulse Width 'clk'
Slack : -0.078
TNS   : -5.240

Type  : Fast 1100mV 0C Model Setup 'clk'
Slack : -0.610
TNS   : -7.797

Type  : Fast 1100mV 0C Model Hold 'clk'
Slack : 0.190
TNS   : 0.000

Type  : Fast 1100mV 0C Model Minimum Pulse Width 'clk'
Slack : -0.078
TNS   : -5.312

------------------------------------------------------------
